DHCP:提供客户端IP地址
TFTP：采用udp协议，服务器不需要和客户端完成交互就可以进行数据传输，可以引导客户端到安装界面
FTP、HTTP、NFS:将安装文件发送到客户端使用TCP协议

1、配置dhcp
[root@server Desktop]# yum install -y  dhcp
#编辑dhcp配置文件
[root@server Desktop]# cat /etc/dhcp/dhcpd.conf 
#
# DHCP Server Configuration file.
#   see /usr/share/doc/dhcp*/dhcpd.conf.sample
#   see 'man 5 dhcpd.conf'
#
subnet 192.168.1.0 netmask 255.255.255.0 {
	range 				192.168.1.100 192.168.1.200;
	option routers 			192.168.1.1;
	option domain-name 		"example.com";
	option domain-name-servers	192.168.1.1,8.8.8.8;
	next-server			192.168.1.1;
	filename			"pxelinux.0";
}#注意：这个大括号要另起一行
#配置文件选项解释
#next-server是tftp服务器所在IP地址，routers是网关，domain-name-servers是DNS服务器，range是分配IP地址的范围，subnet是分配IP地址的网段，filename是加载的文件名
[root@server Desktop]# /etc/init.d/dhcpd start #启动dhcp服务
[root@server Desktop]# chkconfig dhcpd on
[root@server Desktop]# chkconfig --list dhcpd
dhcpd          	0:off	1:off	2:on	3:on	4:on	5:on	6:off

2、配置tftp
[root@server Desktop]# yum install -y tftp-server
[root@server Desktop]# service xinetd restart #启动tftp服务，tftp属于非独立服务，受到xinetd守护进程统一管理
Stopping xinetd:                                           [FAILED]
Starting xinetd:                                           [  OK  ]
[root@server Desktop]# cp /media/RHEL_6.3\ x86_64\ Disc\ 1/isolinux/* /var/lib/tftpboot/
[root@server Desktop]# yum install -y syslinux
#复制启动映像文件到tftp根目录
[root@server Desktop]# cp /usr/share/syslinux/pxelinux.0 /var/lib/tftpboot/
[root@server Desktop]# mkdir /var/lib/tftpboot/pxelinux.cfg
[root@server Desktop]# cp /media/RHEL_6.3\ x86_64\ Disc\ 1/isolinux/isolinux.cfg  /var/lib/tftpboot/pxelinux.cfg/default

3、配置ftp服务
[root@server Desktop]# yum install -y vsftpd
Complete!
[root@server Desktop]# mkdir /var/ftp/rhel6
[root@server Desktop]# mount /dev/cdrom /var/ftp/rhel6
mount: block device /dev/sr0 is write-protected, mounting read-only
[root@server Desktop]# sets
setsebool   setserial   setsid      setsysfont  
[root@server Desktop]# setsebool -P allow_ftpd_full_access on
[root@server Desktop]# service vsftpd start
Starting vsftpd for vsftpd:                                [  OK  ]
[root@server Desktop]# chkconfig vsftpd on

4、制作无人值守脚本
[root@server Desktop]# yum install system-config-kickstart





计划任务
[root@server Desktop]# crontab -e
no crontab for root - using an empty one
crontab: installing new crontab
[root@server Desktop]# crontab -l
50 7 * * * service sshd start
50 22 * * * service sshd stop
0 0 */5 * * rm -rf /var/ftp/pub/*
30 7 * * 6 service httpd restart
30 17 * * 1,3,5 tar -zcf /root/httpd.tar.gz /etc/httpd
